<html>
<head><title>Stockage Douro</title></head>
<body>
<h1>Stockage Douro</h1><p>Douro/Porto
</p>
<pre>

dmesg |less
...
ata1: SATA max UDMA/133 abar m1024@0xff970000 port 0xff970100 irq 106
ata2: SATA max UDMA/133 abar m1024@0xff970000 port 0xff970180 irq 106
ata3: SATA max UDMA/133 abar m1024@0xff970000 port 0xff970200 irq 106
ata4: DUMMY
ata5: DUMMY
ata6: DUMMY
ata1: SATA link up 3.0 Gbps (SStatus 123 SControl 300)
ata1.00: ATA-8: Hitachi HDT721050SLA360, ST3OA38E, max UDMA/133
ata1.00: 976773168 sectors, multi 0: LBA48 NCQ (depth 31/32)
ata1.00: configured for UDMA/133
ata2: SATA link up 3.0 Gbps (SStatus 123 SControl 300)
ata2.00: ATA-8: Hitachi HDT721050SLA360, ST3OA38E, max UDMA/133
ata2.00: 976773168 sectors, multi 0: LBA48 NCQ (depth 31/32)
ata2.00: configured for UDMA/133
ata3: SATA link up 1.5 Gbps (SStatus 113 SControl 300)
ata3.00: ATAPI: TSSTcorp DVD+/-RW TS-L633C, DW10, max UDMA/100, ATAPI AN
ata3.00: applying bridge limits
ata3.00: configured for UDMA/100
  Vendor: ATA       Model: Hitachi HDT72105  Rev: ST3O
  Type:   Direct-Access                      ANSI SCSI revision: 05
SCSI device sda: 976773168 512-byte hdwr sectors (500108 MB)
sda: Write Protect is off
sda: Mode Sense: 00 3a 00 00
SCSI device sda: drive cache: write back
SCSI device sda: 976773168 512-byte hdwr sectors (500108 MB)
sda: Write Protect is off
sda: Mode Sense: 00 3a 00 00
SCSI device sda: drive cache: write back
 sda: sda1 sda2 sda3
sd 0:0:0:0: Attached scsi disk sda
  Vendor: ATA       Model: Hitachi HDT72105  Rev: ST3O
  Type:   Direct-Access                      ANSI SCSI revision: 05
SCSI device sdb: 976773168 512-byte hdwr sectors (500108 MB)
sdb: Write Protect is off
sdb: Mode Sense: 00 3a 00 00
SCSI device sdb: drive cache: write back
SCSI device sdb: 976773168 512-byte hdwr sectors (500108 MB)
sdb: Write Protect is off
sdb: Mode Sense: 00 3a 00 00
SCSI device sdb: drive cache: write back
 sdb: sdb1 sdb2 sdb3
sd 1:0:0:0: Attached scsi disk sdb
  Vendor: TSSTcorp  Model: DVD+-RW TS-L633C  Rev: DW10
  Type:   CD-ROM                             ANSI SCSI revision: 05
Initializing USB Mass Storage driver...
...

[root@porto ~]# ls -l /dev/mapper/
total 0
crw------- 1 root root 10, 63 Oct  6 10:44 control

[root@porto ~]# ls -l /dev/disk/by-id/
total 0
lrwxrwxrwx 1 root root  9 Oct  6 10:44 scsi-SATA_Hitachi_HDT7210_STF3D7ME0RAXJF -&gt; ../../sdb
lrwxrwxrwx 1 root root 10 Oct  6 10:44 scsi-SATA_Hitachi_HDT7210_STF3D7ME0RAXJF-part1 -&gt; ../../sdb1
lrwxrwxrwx 1 root root 10 Oct  6 10:44 scsi-SATA_Hitachi_HDT7210_STF3D7ME0RAXJF-part2 -&gt; ../../sdb2
lrwxrwxrwx 1 root root 10 Oct  6 10:44 scsi-SATA_Hitachi_HDT7210_STF3D7ME0RAXJF-part3 -&gt; ../../sdb3
lrwxrwxrwx 1 root root  9 Oct  6 10:44 scsi-SATA_Hitachi_HDT7210_STF3D7ME0S5LVF -&gt; ../../sda
lrwxrwxrwx 1 root root 10 Oct  6 10:44 scsi-SATA_Hitachi_HDT7210_STF3D7ME0S5LVF-part1 -&gt; ../../sda1
lrwxrwxrwx 1 root root 10 Oct  6 10:44 scsi-SATA_Hitachi_HDT7210_STF3D7ME0S5LVF-part2 -&gt; ../../sda2
lrwxrwxrwx 1 root root 10 Oct  6 10:44 scsi-SATA_Hitachi_HDT7210_STF3D7ME0S5LVF-part3 -&gt; ../../sda3

[root@porto ~]# ls -l /dev/block/
ls: /dev/block/: No such file or directory

[root@porto ~]# cat /etc/fstab 
LABEL=/                 /                       ext3    defaults        1 1
...
/dev/md127              /home                   jfs     defaults        1 2
/dev/md126              /opt                    jfs     defaults        1 2

[root@porto ~]# /sbin/parted /dev/sda print

Model: ATA Hitachi HDT72105 (scsi)
Disk /dev/sda: 500GB
Sector size (logical/physical): 512B/512B
Partition Table: msdos

Number  Start   End     Size    Type     File system  Flags
 1      32.3kB  53.7GB  53.7GB  primary  ext3         boot 
 2      53.7GB  107GB   53.7GB  primary  jfs          raid 
 3      107GB   500GB   393GB   primary  jfs          raid 

[root@porto ~]# /sbin/parted /dev/sdb print

Model: ATA Hitachi HDT72105 (scsi)
Disk /dev/sdb: 500GB
Sector size (logical/physical): 512B/512B
Partition Table: msdos

Number  Start   End     Size    Type     File system  Flags
 1      32.3kB  53.7GB  53.7GB  primary  ext3         boot 
 2      53.7GB  107GB   53.7GB  primary  jfs          raid 
 3      107GB   500GB   393GB   primary  jfs          raid 

[root@porto ~]# df -Th
Filesystem    Type    Size  Used Avail Use% Mounted on
/dev/sda1     ext3     49G   13G   34G  28% /
tmpfs        tmpfs    3.9G     0  3.9G   0% /dev/shm
/dev/md127     jfs    366G  338G   29G  93% /home
/dev/md126     jfs     50G   46G  4.8G  91% /opt

[root@porto ~]# mount |column -t
/dev/sda1      on  /                            type  ext3         (rw)
/dev/md127     on  /home                        type  jfs          (rw)
/dev/md126     on  /opt                         type  jfs          (rw)
...
nfsd           on  /proc/fs/nfsd                type  nfsd         (rw)
lisboa:/store  on  /auto/store                  type  nfs          (rw,soft,intr,nfsvers=3,addr=172.17.82.11)

[root@porto ~]# /sbin/mdadm --detail /dev/md127
/dev/md127:
        Version&#160;: 0.90
  Creation Time&#160;: Fri Apr  2 13:05:52 2010
     Raid Level&#160;: raid1
     Array Size&#160;: 383511616 (365.75 GiB 392.72 GB)
  Used Dev Size&#160;: 383511616 (365.75 GiB 392.72 GB)
   Raid Devices&#160;: 2
  Total Devices&#160;: 2
Preferred Minor&#160;: 127
    Persistence&#160;: Superblock is persistent

    Update Time&#160;: Thu Nov 26 16:37:40 2015
          State&#160;: clean
 Active Devices&#160;: 2
Working Devices&#160;: 2
 Failed Devices&#160;: 0
  Spare Devices&#160;: 0

           UUID&#160;: 006a6178:d345c865:bfe78010:bc810f04
         Events&#160;: 0.1836126

    Number   Major   Minor   RaidDevice State
       0       8        3        0      active sync   /dev/sda3
       1       8       19        1      active sync   /dev/sdb3
[root@porto ~]# /sbin/mdadm --detail /dev/md126
/dev/md126:
        Version&#160;: 0.90
  Creation Time&#160;: Fri Apr  2 13:05:40 2010
     Raid Level&#160;: raid1
     Array Size&#160;: 52428032 (50.00 GiB 53.69 GB)
  Used Dev Size&#160;: 52428032 (50.00 GiB 53.69 GB)
   Raid Devices&#160;: 2
  Total Devices&#160;: 2
Preferred Minor&#160;: 126
    Persistence&#160;: Superblock is persistent

    Update Time&#160;: Thu Nov 26 15:48:25 2015
          State&#160;: clean
 Active Devices&#160;: 2
Working Devices&#160;: 2
 Failed Devices&#160;: 0
  Spare Devices&#160;: 0

           UUID&#160;: 329d0e5d:3b7b0fb1:bfe78010:bc810f04
         Events&#160;: 0.772

    Number   Major   Minor   RaidDevice State
       0       8        2        0      active sync   /dev/sda2
       1       8       18        1      active sync   /dev/sdb2

[root@porto ~]# /sbin/mdadm --examine --brief --scan --config=partitions
ARRAY /dev/md126 level=raid1 num-devices=2 UUID=329d0e5d:3b7b0fb1:bfe78010:bc810f04
ARRAY /dev/md127 level=raid1 num-devices=2 UUID=006a6178:d345c865:bfe78010:bc810f04

</pre>




</body></html>